================================================================================================
Yates kernel benchmark | mlx 0.32.2 | variant WHT
  Mac16,13 Apple M4 | 10 (4 Performance and 6 Efficiency) CPU cores | 16 GB RAM | macOS 26.3
  GPU Apple M4 (applegpu_g16g) simd_width=32 max_threads/tg=1024 tg_mem=32768B
  working set limit 11.84 GiB, max buffer 8.88 GiB
  2.0s window / 0.5s warmup / 3.0s cooldown, min working set 67108864 elems
================================================================================================

### uint32 (4 B/elem), n = 10..29
  allocating 2.00 GiB of random input
  choosing copy-kernel width @ 256 MiB
    copy vec=1:    97.0 GB/s sustained
    copy vec=2:    93.7 GB/s sustained
    copy vec=4:    95.5 GB/s sustained
    copy vec=8:    90.4 GB/s sustained
  using vec=1
    cooling 3s after copy width probe
  n=10 b= 65536     256 MiB p=1 tile= 4096 | copy   97.8 | xform     5.73 ms   93.8 GB/s |  95.9% of copy | drift 1.003
    cooling 3s after n=10
  n=11 b= 32768     256 MiB p=1 tile= 8192 | copy   98.2 | xform     5.66 ms   94.8 GB/s |  96.5% of copy | drift 1.005
    cooling 3s after n=11
  n=12 b= 16384     256 MiB p=1 tile=16384 | copy   96.8 | xform     5.71 ms   94.1 GB/s |  97.3% of copy | drift 1.005
    cooling 3s after n=12
  n=13 b=  8192     256 MiB p=1 tile=32768 | copy   97.8 | xform     5.65 ms   95.0 GB/s |  97.1% of copy | drift 1.001
    cooling 3s after n=13
  n=14 b=  4096     256 MiB p=2 tile= 4096 | copy   98.2 | xform    11.30 ms   95.0 GB/s |  96.8% of copy | drift 1.006
    cooling 3s after n=14
  n=15 b=  2048     256 MiB p=2 tile= 4096 | copy   98.1 | xform    11.40 ms   94.2 GB/s |  96.0% of copy | drift 1.007
    cooling 3s after n=15
  n=16 b=  1024     256 MiB p=2 tile= 8192 | copy   97.4 | xform    11.49 ms   93.4 GB/s |  95.9% of copy | drift 0.943
    cooling 3s after n=16
  n=17 b=   512     256 MiB p=2 tile= 8192 | copy   98.3 | xform    11.22 ms   95.7 GB/s |  97.4% of copy | drift 1.001
    cooling 3s after n=17
  n=18 b=   256     256 MiB p=2 tile=16384 | copy   97.9 | xform    11.63 ms   92.3 GB/s |  94.2% of copy | drift 1.035
    cooling 3s after n=18
  n=19 b=   128     256 MiB p=2 tile=16384 | copy   95.8 | xform    11.25 ms   95.5 GB/s |  99.6% of copy | drift 0.996
    cooling 3s after n=19
  n=20 b=    64     256 MiB p=2 tile=32768 | copy   94.3 | xform    11.37 ms   94.5 GB/s | 100.2% of copy | drift 1.007
    cooling 3s after n=20
  n=21 b=    32     256 MiB p=2 tile=32768 | copy   94.3 | xform    11.88 ms   90.4 GB/s |  95.9% of copy | drift 1.008
    cooling 3s after n=21
  n=22 b=    16     256 MiB p=3 tile= 8192 | copy   98.5 | xform    17.53 ms   91.9 GB/s |  93.3% of copy | drift 1.000
    cooling 3s after n=22
  n=23 b=     8     256 MiB p=3 tile= 8192 | copy   98.3 | xform    17.83 ms   90.3 GB/s |  91.9% of copy | drift 1.002
    cooling 3s after n=23
  n=24 b=     4     256 MiB p=3 tile=16384 | copy   98.2 | xform    17.50 ms   92.0 GB/s |  93.7% of copy | drift 0.999
    cooling 3s after n=24
  n=25 b=     2     256 MiB p=3 tile=16384 | copy   98.5 | xform    17.91 ms   89.9 GB/s |  91.3% of copy | drift 1.003
    cooling 3s after n=25
  n=26 b=     1     256 MiB p=3 tile=32768 | copy   98.4 | xform    17.64 ms   91.3 GB/s |  92.8% of copy | drift 1.011
    cooling 3s after n=26
  n=27 b=     1     512 MiB p=4 tile=16384 | copy   99.7 | xform    46.02 ms   93.3 GB/s |  93.6% of copy | drift 1.007
    cooling 3s after n=27
  n=28 b=     1    1024 MiB p=4 tile=16384 | copy   98.1 | xform    92.21 ms   93.2 GB/s |  94.9% of copy | drift 0.998
    cooling 3s after n=28
  n=29 b=     1    2048 MiB p=4 tile=32768 | copy   99.6 | xform   173.77 ms   98.9 GB/s |  99.3% of copy | drift 0.971
    cooling 3s after n=29
  thermal re-check n=10: 5.73 ms at start -> 5.70 ms at end (0.996x)

### uint64 (8 B/elem), n = 10..28
  allocating 2.00 GiB of random input
  choosing copy-kernel width @ 512 MiB
    copy vec=1:    98.1 GB/s sustained
    copy vec=2:    94.4 GB/s sustained
    copy vec=4:    91.1 GB/s sustained
    copy vec=8:    85.2 GB/s sustained
  using vec=1
    cooling 3s after copy width probe
  n=10 b= 65536     512 MiB p=1 tile= 8192 | copy   98.4 | xform    11.16 ms   96.2 GB/s |  97.8% of copy | drift 0.998
    cooling 3s after n=10
  n=11 b= 32768     512 MiB p=1 tile=16384 | copy   98.4 | xform    11.12 ms   96.6 GB/s |  98.2% of copy | drift 0.999
    cooling 3s after n=11
  n=12 b= 16384     512 MiB p=1 tile=32768 | copy   98.7 | xform    11.15 ms   96.3 GB/s |  97.5% of copy | drift 1.000
    cooling 3s after n=12
  n=13 b=  8192     512 MiB p=2 tile= 4096 | copy   98.4 | xform    22.62 ms   94.9 GB/s |  96.5% of copy | drift 0.995
    cooling 3s after n=13
  n=14 b=  4096     512 MiB p=2 tile= 4096 | copy   98.9 | xform    22.67 ms   94.7 GB/s |  95.8% of copy | drift 1.001
    cooling 3s after n=14
  n=15 b=  2048     512 MiB p=2 tile= 8192 | copy   98.3 | xform    22.83 ms   94.1 GB/s |  95.7% of copy | drift 1.001
    cooling 3s after n=15
  n=16 b=  1024     512 MiB p=2 tile= 8192 | copy   98.4 | xform    23.44 ms   91.6 GB/s |  93.1% of copy | drift 0.985
    cooling 3s after n=16
  n=17 b=   512     512 MiB p=2 tile=16384 | copy   98.9 | xform    22.79 ms   94.2 GB/s |  95.3% of copy | drift 1.002
    cooling 3s after n=17
  n=18 b=   256     512 MiB p=2 tile=16384 | copy   98.0 | xform    22.84 ms   94.0 GB/s |  96.0% of copy | drift 1.001
    cooling 3s after n=18
  n=19 b=   128     512 MiB p=2 tile=32768 | copy   99.1 | xform    22.88 ms   93.9 GB/s |  94.7% of copy | drift 1.002
    cooling 3s after n=19
  n=20 b=    64     512 MiB p=2 tile=32768 | copy   98.5 | xform    22.92 ms   93.7 GB/s |  95.1% of copy | drift 1.001
    cooling 3s after n=20
  n=21 b=    32     512 MiB p=3 tile= 8192 | copy   98.4 | xform    34.15 ms   94.3 GB/s |  95.8% of copy | drift 1.001
    cooling 3s after n=21
  n=22 b=    16     512 MiB p=3 tile= 8192 | copy   98.8 | xform    34.58 ms   93.2 GB/s |  94.3% of copy | drift 1.003
    cooling 3s after n=22
  n=23 b=     8     512 MiB p=3 tile=16384 | copy   96.8 | xform    34.00 ms   94.8 GB/s |  97.9% of copy | drift 1.005
    cooling 3s after n=23
  n=24 b=     4     512 MiB p=3 tile=16384 | copy   99.1 | xform    34.88 ms   92.4 GB/s |  93.2% of copy | drift 1.007
    cooling 3s after n=24
  n=25 b=     2     512 MiB p=3 tile=32768 | copy   98.9 | xform    34.15 ms   94.3 GB/s |  95.4% of copy | drift 1.001
    cooling 3s after n=25
  n=26 b=     1     512 MiB p=4 tile=16384 | copy   99.7 | xform    46.38 ms   92.6 GB/s |  92.9% of copy | drift 1.008
    cooling 3s after n=26
  n=27 b=     1    1024 MiB p=4 tile=16384 | copy   96.2 | xform    91.61 ms   93.8 GB/s |  97.4% of copy | drift 1.003
    cooling 3s after n=27
  n=28 b=     1    2048 MiB p=4 tile=32768 | copy   98.7 | xform   173.01 ms   99.3 GB/s | 100.6% of copy | drift 0.999
    cooling 3s after n=28
  thermal re-check n=10: 11.16 ms at start -> 11.13 ms at end (0.998x)

### float32 (4 B/elem), n = 10..29
  allocating 2.00 GiB of random input
  choosing copy-kernel width @ 256 MiB
    copy vec=1:    98.7 GB/s sustained
    copy vec=2:    97.1 GB/s sustained
    copy vec=4:    94.0 GB/s sustained
    copy vec=8:    89.8 GB/s sustained
  using vec=1
    cooling 3s after copy width probe
  n=10 b= 65536     256 MiB p=1 tile= 4096 | copy   98.8 | xform     5.67 ms   94.7 GB/s |  95.9% of copy | drift 1.000
    cooling 3s after n=10
  n=11 b= 32768     256 MiB p=1 tile= 8192 | copy   98.3 | xform     5.64 ms   95.1 GB/s |  96.8% of copy | drift 1.002
    cooling 3s after n=11
  n=12 b= 16384     256 MiB p=1 tile=16384 | copy   98.8 | xform     5.64 ms   95.2 GB/s |  96.3% of copy | drift 0.997
    cooling 3s after n=12
  n=13 b=  8192     256 MiB p=1 tile=32768 | copy   98.4 | xform     5.65 ms   95.0 GB/s |  96.6% of copy | drift 1.003
    cooling 3s after n=13
  n=14 b=  4096     256 MiB p=2 tile= 4096 | copy   98.7 | xform    11.24 ms   95.5 GB/s |  96.7% of copy | drift 0.996
    cooling 3s after n=14
  n=15 b=  2048     256 MiB p=2 tile= 4096 | copy   98.6 | xform    11.22 ms   95.7 GB/s |  97.1% of copy | drift 1.002
    cooling 3s after n=15
  n=16 b=  1024     256 MiB p=2 tile= 8192 | copy   98.7 | xform    11.16 ms   96.2 GB/s |  97.5% of copy | drift 1.003
    cooling 3s after n=16
  n=17 b=   512     256 MiB p=2 tile= 8192 | copy   97.1 | xform    11.09 ms   96.8 GB/s |  99.7% of copy | drift 0.909
    cooling 3s after n=17
  n=18 b=   256     256 MiB p=2 tile=16384 | copy   97.3 | xform    11.12 ms   96.6 GB/s |  99.2% of copy | drift 0.999
    cooling 3s after n=18
  n=19 b=   128     256 MiB p=2 tile=16384 | copy   98.9 | xform    11.18 ms   96.1 GB/s |  97.1% of copy | drift 0.998
    cooling 3s after n=19
  n=20 b=    64     256 MiB p=2 tile=32768 | copy   98.9 | xform    11.16 ms   96.2 GB/s |  97.3% of copy | drift 0.993
    cooling 3s after n=20
  n=21 b=    32     256 MiB p=2 tile=32768 | copy   98.7 | xform    11.21 ms   95.8 GB/s |  97.0% of copy | drift 1.002
    cooling 3s after n=21
  n=22 b=    16     256 MiB p=3 tile= 8192 | copy   98.8 | xform    17.50 ms   92.0 GB/s |  93.1% of copy | drift 1.032
    cooling 3s after n=22
  n=23 b=     8     256 MiB p=3 tile= 8192 | copy   98.6 | xform    17.77 ms   90.6 GB/s |  91.9% of copy | drift 1.001
    cooling 3s after n=23
  n=24 b=     4     256 MiB p=3 tile=16384 | copy   98.9 | xform    17.13 ms   94.0 GB/s |  95.1% of copy | drift 0.981
    cooling 3s after n=24
  n=25 b=     2     256 MiB p=3 tile=16384 | copy   98.9 | xform    17.78 ms   90.6 GB/s |  91.6% of copy | drift 1.010
    cooling 3s after n=25
  n=26 b=     1     256 MiB p=3 tile=32768 | copy   98.7 | xform    17.13 ms   94.0 GB/s |  95.3% of copy | drift 0.977
    cooling 3s after n=26
  n=27 b=     1     512 MiB p=4 tile=16384 | copy  100.4 | xform    45.39 ms   94.6 GB/s |  94.2% of copy | drift 0.998
    cooling 3s after n=27
  n=28 b=     1    1024 MiB p=4 tile=16384 | copy   98.5 | xform    91.25 ms   94.1 GB/s |  95.6% of copy | drift 1.002
    cooling 3s after n=28
  n=29 b=     1    2048 MiB p=4 tile=32768 | copy   99.5 | xform   172.72 ms   99.5 GB/s | 100.0% of copy | drift 1.001
    cooling 3s after n=29
  thermal re-check n=10: 5.67 ms at start -> 5.97 ms at end (1.054x)

wrote bench/results/bench.json
EXIT=0
