====================================================================================================
Chromatic number by inclusion-exclusion | mlx 0.32.2
  Mac16,13 Apple M4 | 16 GB RAM | macOS 26.3
  GPU Apple M4, working set 11.84 GiB
  memory ceiling n=29 (12 B/subset), benchmarking n=10..29, family=random
====================================================================================================
  n     m  chi      i(V)     mem |    indic      zeta   k-search      total |   ind%  zeta%    ks%  #k  #p
----------------------------------------------------------------------------------------------------------
 10    22    4        57      0M |    0.19m     0.02m      0.48m      0.69m |  26.9%   3.5%  69.6%   1   1
    cooling 2s after n=10
 11    27    4        64      0M |    0.32m     0.00m      0.44m      0.67m |  48.0%   0.0%  66.0%   1   1
    cooling 2s after n=11
 12    32    5        83      0M |    0.38m     0.00m      0.67m      0.87m |  43.6%   0.0%  76.8%   1   2
    cooling 2s after n=12
 13    37    4       118      0M |    0.43m     0.00m      0.51m      0.70m |  61.6%   0.0%  72.1%   1   1
    cooling 2s after n=13
 14    44    5       121      0M |    0.23m     0.04m      0.67m      0.95m |  24.8%   3.9%  71.3%   1   2
    cooling 2s after n=14
 15    51    5       152      0M |    0.43m     0.00m      0.78m      1.03m |  41.4%   0.0%  76.0%   1   2
    cooling 2s after n=15
 16    57    5       194      1M |    0.33m     0.00m      1.45m      1.72m |  19.0%   0.0%  84.3%   2   2
    cooling 2s after n=16
 17    66    5       242      2M |    0.19m     0.09m      1.67m      1.95m |   9.5%   4.8%  85.7%   2   2
    cooling 2s after n=17
 18    71    6       290      3M |    0.20m     0.11m      2.00m      2.30m |   8.7%   4.6%  86.7%   2   2
    cooling 2s after n=18
 19    80    5       352      6M |    0.22m     0.13m      2.47m      2.81m |   7.7%   4.6%  87.7%   2   2
    cooling 2s after n=19
 20    89    5       372     12M |    0.27m     0.21m      2.05m      2.52m |  10.6%   8.3%  81.1%   1   2
    cooling 2s after n=20
 21    97    6       490     24M |    0.31m     0.52m      6.41m      7.25m |   4.3%   7.2%  88.5%   2   2
    cooling 2s after n=21
 22   105    6       667     48M |    0.37m     1.17m     10.91m     12.45m |   3.0%   9.4%  87.6%   2   2
    cooling 2s after n=22
 23   117    6       660     96M |    0.56m     2.18m     10.90m     13.64m |   4.1%  16.0%  79.9%   1   2
    cooling 2s after n=23
 24   132    6       784    192M |    0.88m     4.08m     37.40m     42.36m |   2.1%   9.6%  88.3%   2   2
    cooling 2s after n=24
 25   140    6       830    384M |    2.58m     7.18m     40.99m     50.75m |   5.1%  14.2%  80.8%   1   2
    cooling 2s after n=25
 26   150    6       969    768M |    2.77m    15.97m    151.17m    169.91m |   1.6%   9.4%  89.0%   2   2
    cooling 2s after n=26
 27   167    7      1126   1536M |    5.47m    41.90m    293.25m    340.62m |   1.6%  12.3%  86.1%   1   3
    cooling 2s after n=27
 28   181    6      1066   3072M |   10.63m    83.47m    761.51m    855.61m |   1.2%   9.8%  89.0%   2   3
    cooling 2s after n=28
 29   193    7      1417   6144M |   20.06m   173.34m   2570.58m   2763.98m |   0.7%   6.3%  93.0%   2   3
    cooling 2s after n=29

Named hard instances (clique bound does not reach chi):
  M_5 (Mycielskian)    n=23 chi=5 bounds=[2,5] k_tested=3 | indicator    0.53ms  zeta    2.17ms  k-search    29.62ms  total    32.33ms  | zeta 6.7% ks 91.6%
    cooling 2s after M_5 (Mycielskian)
  Kneser(7,2)          n=21 chi=5 bounds=[3,5] k_tested=2 | indicator    0.31ms  zeta    0.40ms  k-search     5.66ms  total     6.37ms  | zeta 6.3% ks 88.9%
    cooling 2s after Kneser(7,2)
  Kneser(8,2)          n=28 chi=6 bounds=[4,6] k_tested=2 | indicator   11.32ms  zeta   84.05ms  k-search   735.19ms  total   830.55ms  | zeta 10.1% ks 88.5%
    cooling 2s after Kneser(8,2)

wrote bench/results/chromatic.json
EXIT=0
